// Jest Snapshot v1, https://goo.gl/fbAQLP

exports[`App Renders Corectly 1`] = `ShallowWrapper {}`;
